// Jest Snapshot v1, https://goo.gl/fbAQLP

exports[`test product detail 1`] = `
<View>
  <Text
    style={
      Array [
        Object {
          "color": "#202020",
          "fontSize": 18,
          "letterSpacing": 0.5,
        },
      ]
    }
  >
    test product1
  </Text>
  <Text
    style={
      Array [
        Object {
          "color": "#444444",
          "fontSize": 14,
          "fontWeight": "200",
          "letterSpacing": 1,
        },
      ]
    }
  >
    test description 1
  </Text>
  <View
    style={
      Array [
        Object {
          "paddingVertical": 16,
        },
      ]
    }
  >
    <Image
      source={
        Object {
          "uri": "https://static.independent.co.uk/s3fs-public/thumbnails/image/2017/09/12/11/naturo-monkey-selfie.jpg?w968h681",
        }
      }
      style={
        Array [
          Object {
            "alignSelf": "center",
            "borderRadius": 5,
            "height": 200,
            "width": 250,
          },
        ]
      }
    />
  </View>
  <View
    style={
      Array [
        Object {
          "flexDirection": "row",
        },
      ]
    }
  >
    <Text
      style={
        Array [
          Object {
            "color": "#ff685f",
            "fontSize": 26,
            "fontWeight": "500",
            "paddingBottom": 12,
          },
        ]
      }
    >
      R$123
    </Text>
    <Text
      style={
        Array [
          Object {
            "fontSize": 12,
          },
        ]
      }
    />
  </View>
  <Text
    style={
      Array [
        Object {
          "color": "#444444",
          "fontSize": 12,
          "fontWeight": "200",
        },
      ]
    }
  >
    Descrição
  </Text>
  <Text
    style={
      Array [
        Object {
          "color": "#444444",
          "fontSize": 16,
          "lineHeight": 20,
        },
      ]
    }
  >
    test description 1
  </Text>
  <View
    style={
      Array [
        Object {
          "alignSelf": "center",
          "paddingTop": 16,
        },
      ]
    }
  >
    <View
      style={
        Object {
          "alignItems": "center",
          "alignSelf": "center",
          "backgroundColor": "#ff685f",
          "borderColor": "transparent",
          "borderRadius": 5,
          "borderStyle": "solid",
          "borderWidth": 0,
          "elevation": 0,
          "height": 45,
          "justifyContent": "center",
          "minWidth": 64,
          "shadowColor": "#000000",
          "shadowOffset": Object {
            "height": 0,
            "width": 0,
          },
          "shadowOpacity": 0.24,
          "shadowRadius": 0,
          "width": 250,
        }
      }
    >
      <View
        accessibilityRole="button"
        accessible={true}
        isTVSelectable={true}
        onResponderGrant={[Function]}
        onResponderMove={[Function]}
        onResponderRelease={[Function]}
        onResponderTerminate={[Function]}
        onResponderTerminationRequest={[Function]}
        onStartShouldSetResponder={[Function]}
        style={
          Array [
            Object {
              "overflow": "hidden",
            },
            Object {
              "borderRadius": 4,
            },
          ]
        }
      >
        <View
          style={
            Array [
              Object {
                "alignItems": "center",
                "flexDirection": "row",
                "justifyContent": "center",
              },
              undefined,
            ]
          }
        >
          <Text
            numberOfLines={1}
            style={
              Array [
                Object {
                  "color": "#000000",
                  "fontFamily": "Helvetica Neue",
                  "textAlign": "left",
                  "writingDirection": "ltr",
                },
                Array [
                  Object {
                    "letterSpacing": 1,
                    "marginHorizontal": 16,
                    "marginVertical": 9,
                    "textAlign": "center",
                  },
                  undefined,
                  Object {
                    "color": "#6200ee",
                    "fontFamily": "HelveticaNeue-Medium",
                  },
                  Object {
                    "fontFamily": "HelveticaNeue-Medium",
                  },
                ],
              ]
            }
          >
            <Text
              style={
                Array [
                  Object {
                    "color": "#fff",
                    "fontSize": 16,
                    "fontWeight": "300",
                    "width": "100%",
                  },
                ]
              }
            >
              Adicionar ao carrinho
            </Text>
          </Text>
        </View>
      </View>
    </View>
  </View>
</View>
`;
